V3 33
FL D:/Xillinx_Projects/Tomasulo_lab1/Compare_Module/Compare_Module.vhd 2018/10/23.20:30:03 P.20131013
EN work/Compare_Module 1540317739 \
      FL D:/Xillinx_Projects/Tomasulo_lab1/Compare_Module/Compare_Module.vhd \
      PB ieee/std_logic_1164 1381692176
AR work/Compare_Module/Behavioral 1540317740 \
      FL D:/Xillinx_Projects/Tomasulo_lab1/Compare_Module/Compare_Module.vhd \
      EN work/Compare_Module 1540317739
FL D:/Xillinx_Projects/Tomasulo_lab1/Decoder/Decoder.vhd 2018/10/23.20:25:14 P.20131013
EN work/Decoder 1540317733 \
      FL D:/Xillinx_Projects/Tomasulo_lab1/Decoder/Decoder.vhd \
      PB ieee/std_logic_1164 1381692176 PB ieee/STD_LOGIC_UNSIGNED 1381692179
AR work/Decoder/Behavioral 1540317734 \
      FL D:/Xillinx_Projects/Tomasulo_lab1/Decoder/Decoder.vhd EN work/Decoder 1540317733
FL D:/Xillinx_Projects/Tomasulo_lab1/Mux_2x1/Mux_2x1.vhd 2018/05/07.21:48:01 P.20131013
EN work/Mux_2x1 1540317727 \
      FL D:/Xillinx_Projects/Tomasulo_lab1/Mux_2x1/Mux_2x1.vhd \
      PB ieee/std_logic_1164 1381692176
AR work/Mux_2x1/Behavioral 1540317728 \
      FL D:/Xillinx_Projects/Tomasulo_lab1/Mux_2x1/Mux_2x1.vhd EN work/Mux_2x1 1540317727
FL D:/Xillinx_Projects/Tomasulo_lab1/Mux_2x1_32b/Mux_2x1_32b.vhd 2018/05/07.21:21:44 P.20131013
EN work/Mux_2x1_32b 1540317729 \
      FL D:/Xillinx_Projects/Tomasulo_lab1/Mux_2x1_32b/Mux_2x1_32b.vhd \
      PB ieee/std_logic_1164 1381692176
AR work/Mux_2x1_32b/Behavioral 1540317730 \
      FL D:/Xillinx_Projects/Tomasulo_lab1/Mux_2x1_32b/Mux_2x1_32b.vhd \
      EN work/Mux_2x1_32b 1540317729
FL D:/Xillinx_Projects/Tomasulo_lab1/Mux_Reg/Mux_Reg.vhd 2018/05/07.22:03:09 P.20131013
EN work/Mux_Reg 1540317737 \
      FL D:/Xillinx_Projects/Tomasulo_lab1/Mux_Reg/Mux_Reg.vhd \
      PB ieee/std_logic_1164 1381692176 PB ieee/NUMERIC_STD 1381692181 \
      PH work/my_Package_Vector 1540317726
AR work/Mux_Reg/Behavioral 1540317738 \
      FL D:/Xillinx_Projects/Tomasulo_lab1/Mux_Reg/Mux_Reg.vhd EN work/Mux_Reg 1540317737
FL D:/Xillinx_Projects/Tomasulo_lab1/Register/Register.vhd 2018/05/07.21:42:46 P.20131013
EN work/Register1 1540317731 \
      FL D:/Xillinx_Projects/Tomasulo_lab1/Register/Register.vhd \
      PB ieee/std_logic_1164 1381692176
AR work/Register1/Behavioral 1540317732 \
      FL D:/Xillinx_Projects/Tomasulo_lab1/Register/Register.vhd \
      EN work/Register1 1540317731
FL D:/Xillinx_Projects/Tomasulo_lab1/Register_with_muxes/Register_with_muxes.vhd 2018/05/07.21:55:03 P.20131013
EN work/Register_with_muxes 1540317735 \
      FL D:/Xillinx_Projects/Tomasulo_lab1/Register_with_muxes/Register_with_muxes.vhd \
      PB ieee/std_logic_1164 1381692176
AR work/Register_with_muxes/Behavioral 1540317736 \
      FL D:/Xillinx_Projects/Tomasulo_lab1/Register_with_muxes/Register_with_muxes.vhd \
      EN work/Register_with_muxes 1540317735 CP work/Mux_2x1 CP work/Mux_2x1_32b \
      CP work/Register1
FL D:/Xillinx_Projects/Tomasulo_lab1/RF_Module/my_Package_Vector.vhd 2018/05/07.22:38:04 P.20131013
PH work/my_Package_Vector 1540317726 \
      FL D:/Xillinx_Projects/Tomasulo_lab1/RF_Module/my_Package_Vector.vhd \
      PB ieee/std_logic_1164 1381692176
FL D:/Xillinx_Projects/Tomasulo_lab1/RF_Module/RF_Module.vhd 2018/10/23.21:01:42 P.20131013
EN work/RF_Module_V 1540317741 \
      FL D:/Xillinx_Projects/Tomasulo_lab1/RF_Module/RF_Module.vhd \
      PB ieee/std_logic_1164 1381692176 PB ieee/NUMERIC_STD 1381692181 \
      PH work/my_Package_Vector 1540317726
AR work/RF_Module_V/Behavioral 1540317742 \
      FL D:/Xillinx_Projects/Tomasulo_lab1/RF_Module/RF_Module.vhd \
      EN work/RF_Module_V 1540317741 CP work/Decoder CP work/Register_with_muxes \
      CP work/Mux_Reg CP work/Compare_Module CP work/Mux_2x1_32b
