Release 14.7 - xst P.20131013 (nt64)
Copyright (c) 1995-2013 Xilinx, Inc.  All rights reserved.
--> Parameter TMPDIR set to xst/projnav.tmp


Total REAL time to Xst completion: 0.00 secs
Total CPU time to Xst completion: 0.09 secs
 
--> Parameter xsthdpdir set to xst


Total REAL time to Xst completion: 0.00 secs
Total CPU time to Xst completion: 0.09 secs
 
--> Reading design: Reorder_Buffer.prj

TABLE OF CONTENTS
  1) Synthesis Options Summary
  2) HDL Parsing
  3) HDL Elaboration
  4) HDL Synthesis
       4.1) HDL Synthesis Report
  5) Advanced HDL Synthesis
       5.1) Advanced HDL Synthesis Report
  6) Low Level Synthesis
  7) Partition Report
  8) Design Summary
       8.1) Primitive and Black Box Usage
       8.2) Device utilization summary
       8.3) Partition Resource Summary
       8.4) Timing Report
            8.4.1) Clock Information
            8.4.2) Asynchronous Control Signals Information
            8.4.3) Timing Summary
            8.4.4) Timing Details
            8.4.5) Cross Clock Domains Report


=========================================================================
*                      Synthesis Options Summary                        *
=========================================================================
---- Source Parameters
Input File Name                    : "Reorder_Buffer.prj"
Ignore Synthesis Constraint File   : NO

---- Target Parameters
Output File Name                   : "Reorder_Buffer"
Output Format                      : NGC
Target Device                      : xc7a100t-3-csg324

---- Source Options
Top Module Name                    : Reorder_Buffer
Automatic FSM Extraction           : YES
FSM Encoding Algorithm             : Auto
Safe Implementation                : No
FSM Style                          : LUT
RAM Extraction                     : Yes
RAM Style                          : Auto
ROM Extraction                     : Yes
Shift Register Extraction          : YES
ROM Style                          : Auto
Resource Sharing                   : YES
Asynchronous To Synchronous        : NO
Shift Register Minimum Size        : 2
Use DSP Block                      : Auto
Automatic Register Balancing       : No

---- Target Options
LUT Combining                      : Auto
Reduce Control Sets                : Auto
Add IO Buffers                     : YES
Global Maximum Fanout              : 100000
Add Generic Clock Buffer(BUFG)     : 32
Register Duplication               : YES
Optimize Instantiated Primitives   : NO
Use Clock Enable                   : Auto
Use Synchronous Set                : Auto
Use Synchronous Reset              : Auto
Pack IO Registers into IOBs        : Auto
Equivalent register Removal        : YES

---- General Options
Optimization Goal                  : Speed
Optimization Effort                : 1
Power Reduction                    : NO
Keep Hierarchy                     : No
Netlist Hierarchy                  : As_Optimized
RTL Output                         : Yes
Global Optimization                : AllClockNets
Read Cores                         : YES
Write Timing Constraints           : NO
Cross Clock Analysis               : NO
Hierarchy Separator                : /
Bus Delimiter                      : <>
Case Specifier                     : Maintain
Slice Utilization Ratio            : 100
BRAM Utilization Ratio             : 100
DSP48 Utilization Ratio            : 100
Auto BRAM Packing                  : NO
Slice Utilization Ratio Delta      : 5

=========================================================================


=========================================================================
*                          HDL Parsing                                  *
=========================================================================
Parsing VHDL file "C:\Users\Vasilis\Documents\Tomasulo_lab1v2. 3\v2\Tomasulo_lab1\Reorder_Buffer\my_package_vector_rob.vhd" into library work
Parsing package <my_package_vector_rob>.
Parsing VHDL file "C:\Users\Vasilis\Documents\Tomasulo_lab1v2. 3\v2\Tomasulo_lab1\Reorder_Buffer\Reorder_Buffer.vhd" into library work
Parsing entity <Reorder_Buffer>.
Parsing architecture <Behavioral> of entity <reorder_buffer>.

=========================================================================
*                            HDL Elaboration                            *
=========================================================================

Elaborating entity <Reorder_Buffer> (architecture <Behavioral>) from library <work>.
WARNING:HDLCompiler:92 - "C:\Users\Vasilis\Documents\Tomasulo_lab1v2. 3\v2\Tomasulo_lab1\Reorder_Buffer\Reorder_Buffer.vhd" Line 65: reset should be on the sensitivity list of the process
WARNING:HDLCompiler:92 - "C:\Users\Vasilis\Documents\Tomasulo_lab1v2. 3\v2\Tomasulo_lab1\Reorder_Buffer\Reorder_Buffer.vhd" Line 67: reset should be on the sensitivity list of the process
WARNING:HDLCompiler:1127 - "C:\Users\Vasilis\Documents\Tomasulo_lab1v2. 3\v2\Tomasulo_lab1\Reorder_Buffer\Reorder_Buffer.vhd" Line 63: Assignment to ram ignored, since the identifier is never used
WARNING:HDLCompiler:634 - "C:\Users\Vasilis\Documents\Tomasulo_lab1v2. 3\v2\Tomasulo_lab1\Reorder_Buffer\Reorder_Buffer.vhd" Line 56: Net <rob_in_cdb[69]> does not have a driver.
WARNING:HDLCompiler:634 - "C:\Users\Vasilis\Documents\Tomasulo_lab1v2. 3\v2\Tomasulo_lab1\Reorder_Buffer\Reorder_Buffer.vhd" Line 57: Net <tmp_issue_wren> does not have a driver.

=========================================================================
*                           HDL Synthesis                               *
=========================================================================

Synthesizing Unit <Reorder_Buffer>.
    Related source file is "C:\Users\Vasilis\Documents\Tomasulo_lab1v2. 3\v2\Tomasulo_lab1\Reorder_Buffer\Reorder_Buffer.vhd".
WARNING:Xst:647 - Input <CDB_V> is never used. This port will be preserved and left unconnected if it belongs to a top-level block or it belongs to a sub-block and the hierarchy of this sub-block is preserved.
WARNING:Xst:653 - Signal <rob_in_cdb> is used but never assigned. This sourceless signal will be automatically connected to value GND.
WARNING:Xst:653 - Signal <tmp_issue_wren> is used but never assigned. This sourceless signal will be automatically connected to value GND.
WARNING:Xst:653 - Signal <tmp_cdb_wren> is used but never assigned. This sourceless signal will be automatically connected to value GND.
    Summary:
	no macro.
Unit <Reorder_Buffer> synthesized.

=========================================================================
HDL Synthesis Report

Found no macro
=========================================================================

=========================================================================
*                       Advanced HDL Synthesis                          *
=========================================================================

